Microchip MPLAB XC8 Compiler V2.00 ()

Linker command line:

-W-3 --edf=C:\Program Files (x86)\Microchip\xc8\v2.00\pic\dat\en_msgs.txt \
  -cs -h+dist/default/production\bicupic.X.production.sym \
  --cmf=dist/default/production\bicupic.X.production.cmf -z -Q16F18875 \
  -oC:\Users\Alunos\AppData\Local\Temp\s4pk.2 --defsym=__MPLAB_BUILD=1 \
  -Mdist/default/production/bicupic.X.production.map -E1 -ver=XC8 \
  --acfsm=1493 -ASTACK=02113h-023efh -pstack=STACK -ACODE=00h-07FFhx4 \
  -ASTRCODE=00h-01FFFh -ASTRING=00h-0FFhx32 -ACONST=00h-0FFhx32 \
  -AENTRY=00h-0FFhx32 -ACOMMON=070h-07Fh -ABANK0=020h-06Fh \
  -ABANK1=0A0h-0EFh -ABANK2=0120h-016Fh -ABANK3=01A0h-01EFh \
  -ABANK4=0220h-026Fh -ABANK5=02A0h-02EFh -ABANK6=0320h-036Fh \
  -ABANK7=03A0h-03EFh -ABANK8=0420h-046Fh -ABANK9=04A0h-04EFh \
  -ABANK10=0520h-056Fh -ABANK11=05A0h-05EFh -ABANK12=0620h-064Fh \
  -ABIGRAM=02000h-023EFh \
  -ARAM=020h-06Fh,0A0h-0EFh,0120h-016Fh,01A0h-01EFh,0220h-026Fh,02A0h-02EFh,0320h-036Fh,03A0h-03EFh,0420h-046Fh,04A0h-04EFh,0520h-056Fh,05A0h-05EFh,0620h-064Fh \
  -AABS1=020h-07Fh,0A0h-0EFh,0120h-016Fh,01A0h-01EFh,0220h-026Fh,02A0h-02EFh,0320h-036Fh,03A0h-03EFh,0420h-046Fh,04A0h-04EFh,0520h-056Fh,05A0h-05EFh,0620h-064Fh \
  -ASFR0=00h-01Fh -ASFR1=080h-09Fh -ASFR2=0100h-011Fh -ASFR3=0180h-019Fh \
  -ASFR4=0200h-021Fh -ASFR5=0280h-029Fh -ASFR6=0300h-031Fh \
  -ASFR7=0380h-039Fh -ASFR8=0400h-041Fh -ASFR9=0480h-049Fh \
  -ASFR10=0500h-051Fh -ASFR11=0580h-059Fh -ASFR12=0600h-061Fh \
  -ASFR13=0680h-06EFh -ASFR14=0700h-076Fh -ASFR15=0780h-07EFh \
  -ASFR16=0800h-086Fh -ASFR17=0880h-08EFh -ASFR18=0900h-096Fh \
  -ASFR19=0980h-09EFh -ASFR20=0A00h-0A6Fh -ASFR21=0A80h-0AEFh \
  -ASFR22=0B00h-0B6Fh -ASFR23=0B80h-0BEFh -ASFR24=0C00h-0C6Fh \
  -ASFR25=0C80h-0CEFh -ASFR26=0D00h-0D6Fh -ASFR27=0D80h-0DEFh \
  -ASFR28=0E00h-0E6Fh -ASFR29=0E80h-0EEFh -ASFR30=0F00h-0F6Fh \
  -ASFR31=0F80h-0FEFh -preset_vec=00h,intentry,init,end_init -ppowerup=CODE \
  -pcinit=CODE -pfunctab=ENTRY -ACONFIG=08007h-0800Bh -pconfig=CONFIG \
  -DCONFIG=2 -AIDLOC=08000h-08003h -pidloc=IDLOC -DIDLOC=2 \
  -AEEDATA=00h-0FFh/0F000h -peeprom_data=EEDATA -DEEDATA=2 -DCODE=2 \
  -DSTRCODE=2 -DSTRING=2 -DCONST=2 -DENTRY=2 -k \
  C:\Users\Alunos\AppData\Local\Temp\s4pk.o \
  dist/default/production\bicupic.X.production.o 

Object code version is 3.11

Machine type is 16F18875



                Name                               Link     Load   Length Selector   Space Scale
C:\Users\Alunos\AppData\Local\Temp\s4pk.o
                end_init                              2        2        2        0       0
                reset_vec                             0        0        2        0       0
dist/default/production\bicupic.X.production.o
                cinit                               7FA      7FA        6      FF4       0
                text29                             1962     1962       14     32C4       0
                text28                             198A     198A       22     3314       0
                text27                             1976     1976       14     32EC       0
                text26                             1AC0     1AC0       88     3580       0
                text25                             1009     1009       29     2012       0
                text24                             1A31     1A31       43     3462       0
                text23                             19F6     19F6       3B     33EC       0
                text22                              D20      D20        1     1A40       0
                text21                             1082     1082      10D     2104       0
                text20                             1EF5     1EF5      10B     3DEA       0
                text19                              D2C      D2C       69     1A58       0
                text18                               3D       3D      2D1       7A       0
                text17                             12A8     12A8      1DF     2550       0
                text16                             19D0     19D0       26     33A0       0
                text15                              D95      D95      26B     1B2A       0
                text14                             1954     1954        E     32A8       0
                text13                             1B48     1B48       A3     3690       0
                text12                             1C99     1C99       B5     3932       0
                text11                             1487     1487      379     290E       0
                text10                             1BEB     1BEB       AE     37D6       0
                text9                              1032     1032       50     2064       0
                text8                              1A74     1A74       4C     34E8       0
                text7                              1E19     1E19       DC     3C32       0
                text6                              118F     118F      119     231E       0
                text5                               30E      30E      4EC      61C       0
                text4                               D21      D21        B     1A42       0
                text3                              19AC     19AC       24     3358       0
                text2                              194A     194A        A     3294       0
                text1                              1D4E     1D4E       CB     3A9C       0
                maintext                              4        4       39        0       0
                cstackBANK0                          20       20       50       20       1
                cstackCOMMON                         70       70        E       70       1
                cstackBANK1                          A0       A0       50       A0       1
                cstackBANK2                         120      120       50      120       1
                cstackBANK3                         1A0      1A0       21      1A0       1
                bssBANK3                            1C1      1C1        2      1A0       1
                stringtext10                       188A     188A        7     3000       0
                stringtext9                        1873     1873        D     3000       0
                stringtext8                        1865     1865        E     3000       0
                stringtext7                        1855     1855       10     3000       0
                stringtext6                        1841     1841       14     3000       0
                stringtext5                        1825     1825       1C     3000       0
                stringtext4                        1800     1800       25     3000       0
                stringtext3                         800      800      520     1000       0
                stringtext2                        1891     1891        2     3000       0
                stringtext1                        1880     1880        A     3000       0

TOTAL           Name                               Link     Load   Length     Space
        CLASS   STACK          

        CLASS   CODE           
                end_init                              2        2        2         0
                cinit                               7FA      7FA        6         0
                reset_vec                             0        0        2         0
                text29                             1962     1962       14         0
                text28                             198A     198A       22         0
                text27                             1976     1976       14         0
                text26                             1AC0     1AC0       88         0
                text25                             1009     1009       29         0
                text24                             1A31     1A31       43         0
                text23                             19F6     19F6       3B         0
                text22                              D20      D20        1         0
                text21                             1082     1082      10D         0
                text20                             1EF5     1EF5      10B         0
                text19                              D2C      D2C       69         0
                text18                               3D       3D      2D1         0
                text17                             12A8     12A8      1DF         0
                text16                             19D0     19D0       26         0
                text15                              D95      D95      26B         0
                text14                             1954     1954        E         0
                text13                             1B48     1B48       A3         0
                text12                             1C99     1C99       B5         0
                text11                             1487     1487      379         0
                text10                             1BEB     1BEB       AE         0
                text9                              1032     1032       50         0
                text8                              1A74     1A74       4C         0
                text7                              1E19     1E19       DC         0
                text6                              118F     118F      119         0
                text5                               30E      30E      4EC         0
                text4                               D21      D21        B         0
                text3                              19AC     19AC       24         0
                text2                              194A     194A        A         0
                text1                              1D4E     1D4E       CB         0
                maintext                              4        4       39         0

        CLASS   STRCODE        
                stringtext10                       188A     188A        7         0
                stringtext9                        1873     1873        D         0
                stringtext8                        1865     1865        E         0
                stringtext7                        1855     1855       10         0
                stringtext6                        1841     1841       14         0
                stringtext5                        1825     1825       1C         0
                stringtext4                        1800     1800       25         0
                stringtext3                         800      800      520         0
                stringtext2                        1891     1891        2         0
                stringtext1                        1880     1880        A         0

        CLASS   STRING         

        CLASS   CONST          

        CLASS   ENTRY          

        CLASS   COMMON         
                cstackCOMMON                         70       70        E         1

        CLASS   BANK0          
                cstackBANK0                          20       20       50         1

        CLASS   BANK1          
                cstackBANK1                          A0       A0       50         1

        CLASS   BANK2          
                cstackBANK2                         120      120       50         1

        CLASS   BANK3          
                cstackBANK3                         1A0      1A0       21         1
                bssBANK3                            1C1      1C1        2         1

        CLASS   BANK4          

        CLASS   BANK5          

        CLASS   BANK6          

        CLASS   BANK7          

        CLASS   BANK8          

        CLASS   BANK9          

        CLASS   BANK10         

        CLASS   BANK11         

        CLASS   BANK12         

        CLASS   BIGRAM         

        CLASS   RAM            

        CLASS   ABS1           
                abs_s1                               7E       7E        2         1

        CLASS   SFR0           

        CLASS   SFR1           

        CLASS   SFR2           

        CLASS   SFR3           

        CLASS   SFR4           

        CLASS   SFR5           

        CLASS   SFR6           

        CLASS   SFR7           

        CLASS   SFR8           

        CLASS   SFR9           

        CLASS   SFR10          

        CLASS   SFR11          

        CLASS   SFR12          

        CLASS   SFR13          

        CLASS   SFR14          

        CLASS   SFR15          

        CLASS   SFR16          

        CLASS   SFR17          

        CLASS   SFR18          

        CLASS   SFR19          

        CLASS   SFR20          

        CLASS   SFR21          

        CLASS   SFR22          

        CLASS   SFR23          

        CLASS   SFR24          

        CLASS   SFR25          

        CLASS   SFR26          

        CLASS   SFR27          

        CLASS   SFR28          

        CLASS   SFR29          

        CLASS   SFR30          

        CLASS   SFR31          

        CLASS   CONFIG         

        CLASS   IDLOC          

        CLASS   EEDATA         

        CLASS   BANK31         

        CLASS   BANK30         

        CLASS   BANK29         

        CLASS   BANK28         

        CLASS   BANK27         

        CLASS   BANK26         

        CLASS   BANK25         

        CLASS   BANK24         

        CLASS   BANK23         

        CLASS   BANK22         

        CLASS   BANK21         

        CLASS   BANK20         

        CLASS   BANK19         

        CLASS   BANK18         

        CLASS   BANK17         

        CLASS   BANK16         

        CLASS   BANK15         

        CLASS   BANK14         

        CLASS   BANK13         



SEGMENTS        Name                           Load    Length   Top    Selector   Space  Class     Delta

                reset_vec                      000000  00003D  00003D         0       0  CODE        2
                cstackBANK0                    000020  000050  000070        20       1  BANK0       1
                cstackCOMMON                   000070  00000E  00007E        70       1  COMMON      1
                text18                         00003D  0002D1  00030E        7A       0  CODE        2
                cstackBANK1                    0000A0  000050  0000F0        A0       1  BANK1       1
                cstackBANK2                    000120  000050  000170       120       1  BANK2       1
                cstackBANK3                    0001A0  000023  0001C3       1A0       1  BANK3       1
                text5                          00030E  0004EC  0007FA       61C       0  CODE        2
                cinit                          0007FA  000006  000800       FF4       0  CODE        2
                stringtext3                    000800  000520  000D20      1000       0  STRCODE     2
                text22                         000D20  000001  000D21      1A40       0  CODE        2
                text4                          000D21  00000B  000D2C      1A42       0  CODE        2
                text19                         000D2C  000069  000D95      1A58       0  CODE        2
                text15                         000D95  00026B  001000      1B2A       0  CODE        2
                text25                         001009  000029  001032      2012       0  CODE        2
                text9                          001032  000050  001082      2064       0  CODE        2
                text21                         001082  00010D  00118F      2104       0  CODE        2
                text6                          00118F  000119  0012A8      231E       0  CODE        2
                text17                         0012A8  0001DF  001487      2550       0  CODE        2
                text11                         001487  000379  001800      290E       0  CODE        2
                stringtext4                    001800  000093  001893      3000       0  STRCODE     2
                text2                          00194A  00000A  001954      3294       0  CODE        2
                text14                         001954  00000E  001962      32A8       0  CODE        2
                text29                         001962  000014  001976      32C4       0  CODE        2
                text27                         001976  000014  00198A      32EC       0  CODE        2
                text28                         00198A  000022  0019AC      3314       0  CODE        2
                text3                          0019AC  000024  0019D0      3358       0  CODE        2
                text16                         0019D0  000026  0019F6      33A0       0  CODE        2
                text23                         0019F6  00003B  001A31      33EC       0  CODE        2
                text24                         001A31  000043  001A74      3462       0  CODE        2
                text8                          001A74  00004C  001AC0      34E8       0  CODE        2
                text26                         001AC0  000088  001B48      3580       0  CODE        2
                text13                         001B48  0000A3  001BEB      3690       0  CODE        2
                text10                         001BEB  0000AE  001C99      37D6       0  CODE        2
                text12                         001C99  0000B5  001D4E      3932       0  CODE        2
                text1                          001D4E  0000CB  001E19      3A9C       0  CODE        2
                text7                          001E19  0000DC  001EF5      3C32       0  CODE        2
                text20                         001EF5  00010B  002000      3DEA       0  CODE        2


UNUSED ADDRESS RANGES

        Name                Unused          Largest block    Delta
        BANK10           0520-056F             50           1
        BANK11           05A0-05EF             50           1
        BANK12           0620-064F             30           1
        BANK3            01C3-01EF             2D           1
        BANK4            0220-026F             50           1
        BANK5            02A0-02EF             50           1
        BANK6            0320-036F             50           1
        BANK7            03A0-03EF             50           1
        BANK8            0420-046F             50           1
        BANK9            04A0-04EF             50           1
        BIGRAM           2000-23EF            3F0           1
        CODE             1000-1008              9           2
                         1893-1949             B7
        CONFIG           8007-800B              5           2
        CONST            1000-1008              9           2
                         1893-1949             6D
        EEDATA           F000-F0FF            100           2
        ENTRY            1000-1008              9           2
                         1893-1949             6D
        IDLOC            8000-8003              4           2
        RAM              01C3-01EF             2D           1
                         0220-026F             50
                         02A0-02EF             50
                         0320-036F             50
                         03A0-03EF             50
                         0420-046F             50
                         04A0-04EF             50
                         0520-056F             50
                         05A0-05EF             50
                         0620-064F             30
        SFR0             0000-001F             20           1
        SFR1             0080-009F             20           1
        SFR10            0500-051F             20           1
        SFR11            0580-059F             20           1
        SFR12            0600-061F             20           1
        SFR13            0680-06EF             70           1
        SFR14            0700-076F             70           1
        SFR15            0780-07EF             70           1
        SFR16            0800-086F             70           1
        SFR17            0880-08EF             70           1
        SFR18            0900-096F             70           1
        SFR19            0980-09EF             70           1
        SFR2             0100-011F             20           1
        SFR20            0A00-0A6F             70           1
        SFR21            0A80-0AEF             70           1
        SFR22            0B00-0B6F             70           1
        SFR23            0B80-0BEF             70           1
        SFR24            0C00-0C6F             70           1
        SFR25            0C80-0CEF             70           1
        SFR26            0D00-0D6F             70           1
        SFR27            0D80-0DEF             70           1
        SFR28            0E00-0E6F             70           1
        SFR29            0E80-0EEF             70           1
        SFR3             0180-019F             20           1
        SFR30            0F00-0F6F             70           1
        SFR31            0F80-0FEF             70           1
        SFR4             0200-021F             20           1
        SFR5             0280-029F             20           1
        SFR6             0300-031F             20           1
        SFR7             0380-039F             20           1
        SFR8             0400-041F             20           1
        SFR9             0480-049F             20           1
        STACK            2113-23EF            2DD           1
        STRCODE          1000-1008              9           2
                         1893-1949             B7
        STRING           1000-1008              9           2
                         1893-1949             6D

                                  Symbol Table

?__Umul8_16                    cstackCOMMON 0070
?___awdiv                      cstackCOMMON 0070
?___fladd                      cstackBANK0  005A
?___fldiv                      cstackBANK0  0040
?___flmul                      cstackBANK0  0026
?___flneg                      cstackBANK1  00B8
?___fltol                      cstackBANK1  00A4
?___lwdiv                      cstackCOMMON 0070
?___lwmod                      cstackCOMMON 0078
?___wmul                       cstackCOMMON 0070
?___xxtofl                     cstackCOMMON 0076
?_atoi                         cstackCOMMON 0076
?_cubic_hermite                cstackBANK1  00BC
?_floor                        cstackBANK1  00AD
?_printf                       cstackBANK0  0020
UART_Escrever@c                cstackCOMMON 0070
UART_Escrever_Buffer@buff      cstackCOMMON 0074
UART_Escrever_Buffer@i         cstackCOMMON 0075
UART_Escrever_Buffer@size      cstackCOMMON 0071
_ANSELCbits                    (abs)        0F4E
_BAUDCON1bits                  (abs)        011F
_RC1STAbits                    (abs)        011D
_RC6PPS                        (abs)        0F26
_RCIF                          (abs)        387D
_RCREG                         (abs)        0119
_RXPPSbits                     (abs)        0ECB
_SPBRG                         (abs)        011B
_TX1STAbits                    (abs)        011E
_TXREG                         (abs)        011A
_UART_Escrever                 text4        0D21
_UART_Escrever_Buffer          text3        19AC
_UART_iniciar                  text29       1962
__Habs1                        abs1         0000
__Hbank0                       bank0        0000
__Hbank1                       bank1        0000
__Hbank10                      bank10       0000
__Hbank11                      bank11       0000
__Hbank12                      bank12       0000
__Hbank13                      bank13       0000
__Hbank14                      bank14       0000
__Hbank15                      bank15       0000
__Hbank16                      bank16       0000
__Hbank17                      bank17       0000
__Hbank18                      bank18       0000
__Hbank19                      bank19       0000
__Hbank2                       bank2        0000
__Hbank20                      bank20       0000
__Hbank21                      bank21       0000
__Hbank22                      bank22       0000
__Hbank23                      bank23       0000
__Hbank24                      bank24       0000
__Hbank25                      bank25       0000
__Hbank26                      bank26       0000
__Hbank27                      bank27       0000
__Hbank28                      bank28       0000
__Hbank29                      bank29       0000
__Hbank3                       bank3        0000
__Hbank30                      bank30       0000
__Hbank31                      bank31       0000
__Hbank4                       bank4        0000
__Hbank5                       bank5        0000
__Hbank6                       bank6        0000
__Hbank7                       bank7        0000
__Hbank8                       bank8        0000
__Hbank9                       bank9        0000
__Hbigram                      bigram       0000
__HbssBANK3                    bssBANK3     0000
__Hcinit                       cinit        0800
__Hclrtext                     clrtext      0000
__Hcode                        code         0000
__Hcommon                      common       0000
__Hconfig                      config       0000
__HcstackBANK0                 cstackBANK0  0000
__HcstackBANK1                 cstackBANK1  0000
__HcstackBANK2                 cstackBANK2  0000
__HcstackBANK3                 cstackBANK3  0000
__HcstackCOMMON                cstackCOMMON 0000
__Heeprom_data                 eeprom_data  0000
__Hend_init                    end_init     0004
__Hfunctab                     functab      0000
__Hidloc                       idloc        0000
__Hinit                        init         0002
__Hintentry                    intentry     0002
__Hmaintext                    maintext     0000
__Hpowerup                     powerup      0000
__Hram                         ram          0000
__Hreset_vec                   reset_vec    0002
__Hsfr0                        sfr0         0000
__Hsfr1                        sfr1         0000
__Hsfr10                       sfr10        0000
__Hsfr11                       sfr11        0000
__Hsfr12                       sfr12        0000
__Hsfr13                       sfr13        0000
__Hsfr14                       sfr14        0000
__Hsfr15                       sfr15        0000
__Hsfr16                       sfr16        0000
__Hsfr17                       sfr17        0000
__Hsfr18                       sfr18        0000
__Hsfr19                       sfr19        0000
__Hsfr2                        sfr2         0000
__Hsfr20                       sfr20        0000
__Hsfr21                       sfr21        0000
__Hsfr22                       sfr22        0000
__Hsfr23                       sfr23        0000
__Hsfr24                       sfr24        0000
__Hsfr25                       sfr25        0000
__Hsfr26                       sfr26        0000
__Hsfr27                       sfr27        0000
__Hsfr28                       sfr28        0000
__Hsfr29                       sfr29        0000
__Hsfr3                        sfr3         0000
__Hsfr30                       sfr30        0000
__Hsfr31                       sfr31        0000
__Hsfr4                        sfr4         0000
__Hsfr5                        sfr5         0000
__Hsfr6                        sfr6         0000
__Hsfr7                        sfr7         0000
__Hsfr8                        sfr8         0000
__Hsfr9                        sfr9         0000
__Hspace_0                     (abs)        2000
__Hspace_1                     (abs)        01C3
__Hspace_2                     (abs)        0000
__Hspace_3                     (abs)        0000
__Hstack                       stack        0000
__Hstrings                     strings      0000
__Hstringtext1                 stringtext1  0000
__Hstringtext10                stringtext10 0000
__Hstringtext11                stringtext11 0000
__Hstringtext2                 stringtext2  0000
__Hstringtext3                 stringtext3  0000
__Hstringtext4                 stringtext4  0000
__Hstringtext5                 stringtext5  0000
__Hstringtext6                 stringtext6  0000
__Hstringtext7                 stringtext7  0000
__Hstringtext8                 stringtext8  0000
__Hstringtext9                 stringtext9  0000
__Htext                        text         0000
__Labs1                        abs1         0000
__Lbank0                       bank0        0000
__Lbank1                       bank1        0000
__Lbank10                      bank10       0000
__Lbank11                      bank11       0000
__Lbank12                      bank12       0000
__Lbank13                      bank13       0000
__Lbank14                      bank14       0000
__Lbank15                      bank15       0000
__Lbank16                      bank16       0000
__Lbank17                      bank17       0000
__Lbank18                      bank18       0000
__Lbank19                      bank19       0000
__Lbank2                       bank2        0000
__Lbank20                      bank20       0000
__Lbank21                      bank21       0000
__Lbank22                      bank22       0000
__Lbank23                      bank23       0000
__Lbank24                      bank24       0000
__Lbank25                      bank25       0000
__Lbank26                      bank26       0000
__Lbank27                      bank27       0000
__Lbank28                      bank28       0000
__Lbank29                      bank29       0000
__Lbank3                       bank3        0000
__Lbank30                      bank30       0000
__Lbank31                      bank31       0000
__Lbank4                       bank4        0000
__Lbank5                       bank5        0000
__Lbank6                       bank6        0000
__Lbank7                       bank7        0000
__Lbank8                       bank8        0000
__Lbank9                       bank9        0000
__Lbigram                      bigram       0000
__LbssBANK3                    bssBANK3     0000
__Lcinit                       cinit        07FA
__Lclrtext                     clrtext      0000
__Lcode                        code         0000
__Lcommon                      common       0000
__Lconfig                      config       0000
__LcstackBANK0                 cstackBANK0  0000
__LcstackBANK1                 cstackBANK1  0000
__LcstackBANK2                 cstackBANK2  0000
__LcstackBANK3                 cstackBANK3  0000
__LcstackCOMMON                cstackCOMMON 0000
__Leeprom_data                 eeprom_data  0000
__Lend_init                    end_init     0002
__Lfunctab                     functab      0000
__Lidloc                       idloc        0000
__Linit                        init         0002
__Lintentry                    intentry     0002
__Lmaintext                    maintext     0000
__Lpowerup                     powerup      0000
__Lram                         ram          0000
__Lreset_vec                   reset_vec    0000
__Lsfr0                        sfr0         0000
__Lsfr1                        sfr1         0000
__Lsfr10                       sfr10        0000
__Lsfr11                       sfr11        0000
__Lsfr12                       sfr12        0000
__Lsfr13                       sfr13        0000
__Lsfr14                       sfr14        0000
__Lsfr15                       sfr15        0000
__Lsfr16                       sfr16        0000
__Lsfr17                       sfr17        0000
__Lsfr18                       sfr18        0000
__Lsfr19                       sfr19        0000
__Lsfr2                        sfr2         0000
__Lsfr20                       sfr20        0000
__Lsfr21                       sfr21        0000
__Lsfr22                       sfr22        0000
__Lsfr23                       sfr23        0000
__Lsfr24                       sfr24        0000
__Lsfr25                       sfr25        0000
__Lsfr26                       sfr26        0000
__Lsfr27                       sfr27        0000
__Lsfr28                       sfr28        0000
__Lsfr29                       sfr29        0000
__Lsfr3                        sfr3         0000
__Lsfr30                       sfr30        0000
__Lsfr31                       sfr31        0000
__Lsfr4                        sfr4         0000
__Lsfr5                        sfr5         0000
__Lsfr6                        sfr6         0000
__Lsfr7                        sfr7         0000
__Lsfr8                        sfr8         0000
__Lsfr9                        sfr9         0000
__Lspace_0                     (abs)        0000
__Lspace_1                     (abs)        0000
__Lspace_2                     (abs)        0000
__Lspace_3                     (abs)        0000
__Lstack                       stack        0000
__Lstrings                     strings      0000
__Lstringtext1                 stringtext1  0000
__Lstringtext10                stringtext10 0000
__Lstringtext11                stringtext11 0000
__Lstringtext2                 stringtext2  0000
__Lstringtext3                 stringtext3  0000
__Lstringtext4                 stringtext4  0000
__Lstringtext5                 stringtext5  0000
__Lstringtext6                 stringtext6  0000
__Lstringtext7                 stringtext7  0000
__Lstringtext8                 stringtext8  0000
__Lstringtext9                 stringtext9  0000
__Ltext                        text         0000
__S0                           (abs)        2000
__S1                           (abs)        01C3
__S2                           (abs)        0000
__S3                           (abs)        0000
__Umul8_16                     text16       19D0
__Umul8_16@multiplicand        cstackCOMMON 0070
__Umul8_16@multiplier          cstackCOMMON 0078
__Umul8_16@product             cstackCOMMON 0074
__Umul8_16@word_mpld           cstackCOMMON 0076
___awdiv                       text19       0D2C
___awdiv@counter               cstackCOMMON 0075
___awdiv@dividend              cstackCOMMON 0072
___awdiv@divisor               cstackCOMMON 0070
___awdiv@quotient              cstackCOMMON 0077
___awdiv@sign                  cstackCOMMON 0076
___fladd                       text18       003D
___fladd@a                     cstackBANK0  005E
___fladd@aexp                  cstackBANK1  00A1
___fladd@b                     cstackBANK0  005A
___fladd@bexp                  cstackBANK1  00A2
___fladd@grs                   cstackBANK1  00A3
___fladd@signs                 cstackBANK1  00A0
___fldiv                       text17       12A8
___fldiv@a                     cstackBANK0  0040
___fldiv@aexp                  cstackBANK0  0059
___fldiv@b                     cstackBANK0  0044
___fldiv@bexp                  cstackBANK0  0058
___fldiv@grs                   cstackBANK0  0054
___fldiv@new_exp               cstackBANK0  0052
___fldiv@rem                   cstackBANK0  004D
___fldiv@sign                  cstackBANK0  0051
___fleq                        text9        1032
___fleq@ff1                    cstackCOMMON 0070
___fleq@ff2                    cstackCOMMON 0074
___flge                        text10       1BEB
___flge@ff1                    cstackBANK0  0026
___flge@ff2                    cstackBANK0  002A
___flmul                       text15       0D95
___flmul@a                     cstackBANK0  002A
___flmul@aexp                  cstackBANK0  0038
___flmul@b                     cstackBANK0  0026
___flmul@bexp                  cstackBANK0  0039
___flmul@grs                   cstackBANK0  0034
___flmul@prod                  cstackBANK0  003A
___flmul@sign                  cstackBANK0  0033
___flmul@temp                  cstackBANK0  003E
___flneg                       text14       1954
___flneg@f1                    cstackBANK1  00B8
___fltol                       text13       1B48
___fltol@exp1                  cstackBANK0  006F
___fltol@f1                    cstackBANK1  00A4
___fltol@sign1                 cstackBANK0  006E
___int_sp                      stack        0000
___latbits                     (abs)        0002
___lwdiv                       text24       1A31
___lwdiv@counter               cstackCOMMON 0077
___lwdiv@dividend              cstackCOMMON 0072
___lwdiv@divisor               cstackCOMMON 0070
___lwdiv@quotient              cstackCOMMON 0075
___lwmod                       text23       19F6
___lwmod@counter               cstackCOMMON 007D
___lwmod@dividend              cstackCOMMON 007A
___lwmod@divisor               cstackCOMMON 0078
___sp                          stack        0000
___wmul                        text28       198A
___wmul@multiplicand           cstackCOMMON 0072
___wmul@multiplier             cstackCOMMON 0070
___wmul@product                cstackCOMMON 0074
___xxtofl                      text12       1C99
___xxtofl@arg                  cstackBANK0  0022
___xxtofl@exp                  cstackBANK0  0021
___xxtofl@sign                 cstackBANK0  0020
___xxtofl@val                  cstackCOMMON 0076
__end_of_UART_Escrever         text4        0D2C
__end_of_UART_Escrever_Buffer  text3        19D0
__end_of_UART_iniciar          text29       1976
__end_of__Umul8_16             text16       19F6
__end_of___awdiv               text19       0D95
__end_of___fladd               text18       030E
__end_of___fldiv               text17       1487
__end_of___fleq                text9        1082
__end_of___flge                text10       1C99
__end_of___flmul               text15       1000
__end_of___flneg               text14       1962
__end_of___fltol               text13       1BEB
__end_of___lwdiv               text24       1A74
__end_of___lwmod               text23       1A31
__end_of___wmul                text28       19AC
__end_of___xxtofl              text12       1D4E
__end_of__initialization       cinit        07FD
__end_of_atoi                  text26       1B48
__end_of_cubic_hermite         text11       1800
__end_of_dpowers               stringtext1  188A
__end_of_floor                 text7        1EF5
__end_of_frexp                 text8        1AC0
__end_of_get_pixel_clamped     text6        12A8
__end_of_isdigit               text27       198A
__end_of_main                  maintext     003D
__end_of_mem_copy              text25       1032
__end_of_printf                text21       118F
__end_of_putch                 text22       0D21
__end_of_readPPM               text20       2000
__end_of_resize_image          text1        1E19
__end_of_sample_bicubic        text5        07FA
__end_of_sourcef               stringtext3  0CFA
__end_of_writeSerial           text2        1954
__end_ofmain@scale             stringtext2  1893
__initialization               cinit        07FA
__pbssBANK3                    bssBANK3     01C1
__pcstackBANK0                 cstackBANK0  0020
__pcstackBANK1                 cstackBANK1  00A0
__pcstackBANK2                 cstackBANK2  0120
__pcstackBANK3                 cstackBANK3  01A0
__pcstackCOMMON                cstackCOMMON 0070
__pmaintext                    maintext     0004
__pstringtext1                 stringtext1  1880
__pstringtext10                stringtext10 188A
__pstringtext11                stringtext11 0000
__pstringtext2                 stringtext2  1891
__pstringtext3                 stringtext3  0800
__pstringtext4                 stringtext4  1800
__pstringtext5                 stringtext5  1825
__pstringtext6                 stringtext6  1841
__pstringtext7                 stringtext7  1855
__pstringtext8                 stringtext8  1865
__pstringtext9                 stringtext9  1873
__ptext1                       text1        1D4E
__ptext10                      text10       1BEB
__ptext11                      text11       1487
__ptext12                      text12       1C99
__ptext13                      text13       1B48
__ptext14                      text14       1954
__ptext15                      text15       0D95
__ptext16                      text16       19D0
__ptext17                      text17       12A8
__ptext18                      text18       003D
__ptext19                      text19       0D2C
__ptext2                       text2        194A
__ptext20                      text20       1EF5
__ptext21                      text21       1082
__ptext22                      text22       0D20
__ptext23                      text23       19F6
__ptext24                      text24       1A31
__ptext25                      text25       1009
__ptext26                      text26       1AC0
__ptext27                      text27       1976
__ptext28                      text28       198A
__ptext29                      text29       1962
__ptext3                       text3        19AC
__ptext4                       text4        0D21
__ptext5                       text5        030E
__ptext6                       text6        118F
__ptext7                       text7        1E19
__ptext8                       text8        1A74
__ptext9                       text9        1032
__size_of_UART_Escrever        (abs)        0000
__size_of_UART_Escrever_Buffer (abs)        0000
__size_of_UART_iniciar         (abs)        0000
__size_of__Umul8_16            (abs)        0000
__size_of___awdiv              (abs)        0000
__size_of___fladd              (abs)        0000
__size_of___fldiv              (abs)        0000
__size_of___fleq               (abs)        0000
__size_of___flge               (abs)        0000
__size_of___flmul              (abs)        0000
__size_of___flneg              (abs)        0000
__size_of___fltol              (abs)        0000
__size_of___lwdiv              (abs)        0000
__size_of___lwmod              (abs)        0000
__size_of___wmul               (abs)        0000
__size_of___xxtofl             (abs)        0000
__size_of_atoi                 (abs)        0000
__size_of_cubic_hermite        (abs)        0000
__size_of_floor                (abs)        0000
__size_of_frexp                (abs)        0000
__size_of_get_pixel_clamped    (abs)        0000
__size_of_isdigit              (abs)        0000
__size_of_main                 (abs)        0000
__size_of_mem_copy             (abs)        0000
__size_of_printf               (abs)        0000
__size_of_putch                (abs)        0000
__size_of_readPPM              (abs)        0000
__size_of_resize_image         (abs)        0000
__size_of_sample_bicubic       (abs)        0000
__size_of_writeSerial          (abs)        0000
_atoi                          text26       1AC0
_cubic_hermite                 text11       1487
_cubic_hermite$1004            cstackBANK1  00DA
_cubic_hermite$1005            cstackBANK1  00DE
_cubic_hermite$1006            cstackBANK1  00D4
_cubic_hermite$1007            cstackBANK1  00D6
_cubic_hermite$1008            cstackBANK1  00D8
_dpowers                       stringtext1  1880
_floor                         text7        1E19
_frexp                         text8        1A74
_get_pixel_clamped             text6        118F
_get_pixel_clamped$1009        cstackCOMMON 007B
_isdigit                       text27       1976
_isdigit$805                   cstackCOMMON 0070
_main                          maintext     0004
_mem_copy                      text25       1009
_printf                        text21       1082
_putch                         text22       0D20
_readPPM                       text20       1EF5
_resize_image                  text1        1D4E
_sample_bicubic                text5        030E
_sample_bicubic$1010           cstackBANK2  015A
_sample_bicubic$1011           cstackBANK2  015E
_sourcef                       stringtext3  0800
_writeSerial                   text2        194A
atoi@a                         cstackCOMMON 007B
atoi@s                         cstackCOMMON 0076
atoi@sign                      cstackCOMMON 007A
btemp                          (abs)        007E
cubic_hermite@A                cstackBANK1  00BC
cubic_hermite@B                cstackBANK1  00BE
cubic_hermite@C                cstackBANK1  00C0
cubic_hermite@D                cstackBANK1  00C2
cubic_hermite@a                cstackBANK1  00CC
cubic_hermite@b                cstackBANK1  00CE
cubic_hermite@c                cstackBANK1  00D0
cubic_hermite@d                cstackBANK1  00D2
cubic_hermite@t                cstackBANK1  00C4
end_of_initialization          cinit        07FD
floor@expon                    cstackBANK1  00B6
floor@i                        cstackBANK1  00B2
floor@x                        cstackBANK1  00AD
frexp@eptr                     cstackBANK0  0024
frexp@value                    cstackBANK0  0020
get_pixel_clamped@source_image cstackCOMMON 007D
get_pixel_clamped@temp         cstackCOMMON 007A
get_pixel_clamped@x            cstackCOMMON 0076
get_pixel_clamped@y            cstackCOMMON 0078
intlevel0                      functab      0000
intlevel1                      functab      0000
intlevel2                      functab      0000
intlevel3                      functab      0000
intlevel4                      functab      0000
intlevel5                      functab      0000
isdigit@c                      cstackCOMMON 0071
main@destination_image         cstackBANK3  01B5
main@i                         cstackBANK3  01B3
main@scale                     stringtext2  1891
main@source_image              cstackBANK3  01BB
mem_copy@buff                  cstackCOMMON 0076
mem_copy@i                     cstackCOMMON 0077
mem_copy@size                  cstackCOMMON 0072
mem_copy@source                cstackCOMMON 0070
printf@ap                      cstackBANK0  002A
printf@c                       cstackBANK0  002F
printf@cp                      cstackBANK0  002B
printf@f                       cstackBANK0  0020
printf@flag                    cstackBANK0  0028
printf@prec                    cstackBANK0  0029
printf@val                     cstackBANK0  002D
readPPM@buff                   cstackBANK0  0036
readPPM@chread                 cstackBANK0  0049
readPPM@filename               cstackBANK0  0030
readPPM@img                    cstackBANK0  0048
readPPM@rgb_comp_color         cstackBANK0  0046
reset_vec                      reset_vec    0000
resize_image@destination_image cstackBANK3  01A0
resize_image@sample            cstackBANK3  01A6
resize_image@scale             cstackBANK3  01A1
resize_image@source_image      cstackBANK3  01B1
resize_image@u                 cstackBANK3  01AB
resize_image@v                 cstackBANK3  01A9
resize_image@x                 cstackBANK3  01AF
resize_image@y                 cstackBANK3  01AD
sample_bicubic@col0            cstackBANK2  0152
sample_bicubic@col1            cstackBANK2  0154
sample_bicubic@col2            cstackBANK2  0156
sample_bicubic@col3            cstackBANK2  0158
sample_bicubic@i               cstackBANK2  016E
sample_bicubic@p00             cstackBANK2  0120
sample_bicubic@p01             cstackBANK2  012C
sample_bicubic@p02             cstackBANK2  0138
sample_bicubic@p03             cstackBANK2  0144
sample_bicubic@p10             cstackBANK2  0123
sample_bicubic@p11             cstackBANK2  012F
sample_bicubic@p12             cstackBANK2  013B
sample_bicubic@p13             cstackBANK2  0147
sample_bicubic@p20             cstackBANK2  0126
sample_bicubic@p21             cstackBANK2  0132
sample_bicubic@p22             cstackBANK2  013E
sample_bicubic@p23             cstackBANK2  014A
sample_bicubic@p30             cstackBANK2  0129
sample_bicubic@p31             cstackBANK2  0135
sample_bicubic@p32             cstackBANK2  0141
sample_bicubic@p33             cstackBANK2  014D
sample_bicubic@sample          cstackBANK1  00E6
sample_bicubic@source_image    cstackBANK1  00EF
sample_bicubic@u               cstackBANK1  00E2
sample_bicubic@v               cstackBANK1  00E4
sample_bicubic@value           cstackBANK2  0166
sample_bicubic@x               cstackBANK2  0162
sample_bicubic@xfract          cstackBANK2  0168
sample_bicubic@xint            cstackBANK2  016A
sample_bicubic@y               cstackBANK2  0164
sample_bicubic@yfract          cstackBANK2  0150
sample_bicubic@yint            cstackBANK2  016C
stackhi                        (abs)        23EF
stacklo                        (abs)        2113
start                          init         0002
start_initialization           cinit        07FA
writeSerial@sample             cstackCOMMON 0077
wtemp0                         (abs)        007E


FUNCTION INFORMATION:

 *************** function _main *****************
 Defined at:
		line 371 in file "newmain.c"
 Parameters:    Size  Location     Type
		None
 Auto vars:     Size  Location     Type
  source_image    6   27[BANK3 ] struct .
  destination_    6   21[BANK3 ] struct .
  i               2   19[BANK3 ] int 
 Return value:  Size  Location     Type
                  2  126[None  ] int 
 Registers used:
		wreg, fsr0l, fsr0h, fsr1l, fsr1h, status,2, status,0, pclath, cstack
 Tracked objects:
		On entry : 
		On exit  : 
		Unchanged: 
 Data sizes:     COMMON   BANK0   BANK1   BANK2   BANK3   BANK4   BANK5   BANK6   BANK7   BANK8   BANK9  BANK10  BANK11  BANK12
      Params:         0       0       0       0       0       0       0       0       0       0       0       0       0       0
      Locals:         0       0       0       0      14       0       0       0       0       0       0       0       0       0
      Temps:          0       0       0       0       1       0       0       0       0       0       0       0       0       0
      Totals:         0       0       0       0      15       0       0       0       0       0       0       0       0       0
Total ram usage:       15 bytes
 Hardware stack levels required when called:    5
 This function calls:
		_UART_Escrever
		_UART_iniciar
		_readPPM
		_resize_image
 This function is called by:
		Startup code after reset
 This function uses a non-reentrant model


 *************** function _resize_image *****************
 Defined at:
		line 337 in file "newmain.c"
 Parameters:    Size  Location     Type
  source_image    1    wreg     PTR struct .
		 -> main@source_image(6), 
  destination_    1    0[BANK3 ] PTR struct .
		 -> main@destination_image(6), 
  scale           2    1[BANK3 ] int 
 Auto vars:     Size  Location     Type
  source_image    1   17[BANK3 ] PTR struct .
		 -> main@source_image(6), 
  u               2   11[BANK3 ] int 
  v               2    9[BANK3 ] int 
  sample          3    6[BANK3 ] unsigned char [3]
  x               2   15[BANK3 ] int 
  y               2   13[BANK3 ] int 
 Return value:  Size  Location     Type
                  1    wreg      void 
 Registers used:
		wreg, fsr0l, fsr0h, fsr1l, fsr1h, status,2, status,0, pclath, cstack
 Tracked objects:
		On entry : 
		On exit  : 
		Unchanged: 
 Data sizes:     COMMON   BANK0   BANK1   BANK2   BANK3   BANK4   BANK5   BANK6   BANK7   BANK8   BANK9  BANK10  BANK11  BANK12
      Params:         0       0       0       0       3       0       0       0       0       0       0       0       0       0
      Locals:         0       0       0       0      12       0       0       0       0       0       0       0       0       0
      Temps:          0       0       0       0       3       0       0       0       0       0       0       0       0       0
      Totals:         0       0       0       0      18       0       0       0       0       0       0       0       0       0
Total ram usage:       18 bytes
 Hardware stack levels used:    1
 Hardware stack levels required when called:    4
 This function calls:
		___awdiv
		___wmul
		_sample_bicubic
		_writeSerial
 This function is called by:
		_main
 This function uses a non-reentrant model


 *************** function _writeSerial *****************
 Defined at:
		line 209 in file "newmain.c"
 Parameters:    Size  Location     Type
  sample          1    wreg     PTR unsigned char 
		 -> resize_image@sample(3), 
 Auto vars:     Size  Location     Type
  sample          1    7[COMMON] PTR unsigned char 
		 -> resize_image@sample(3), 
 Return value:  Size  Location     Type
                  1    wreg      void 
 Registers used:
		wreg, fsr1l, fsr1h, status,2, status,0, pclath, cstack
 Tracked objects:
		On entry : 
		On exit  : 
		Unchanged: 
 Data sizes:     COMMON   BANK0   BANK1   BANK2   BANK3   BANK4   BANK5   BANK6   BANK7   BANK8   BANK9  BANK10  BANK11  BANK12
      Params:         0       0       0       0       0       0       0       0       0       0       0       0       0       0
      Locals:         1       0       0       0       0       0       0       0       0       0       0       0       0       0
      Temps:          0       0       0       0       0       0       0       0       0       0       0       0       0       0
      Totals:         1       0       0       0       0       0       0       0       0       0       0       0       0       0
Total ram usage:        1 bytes
 Hardware stack levels used:    1
 Hardware stack levels required when called:    2
 This function calls:
		_UART_Escrever_Buffer
 This function is called by:
		_resize_image
 This function uses a non-reentrant model


 *************** function _UART_Escrever_Buffer *****************
 Defined at:
		line 78 in file "uart.h"
 Parameters:    Size  Location     Type
  buff            1    wreg     PTR unsigned char 
		 -> resize_image@sample(3), 
  size            2    1[COMMON] int 
 Auto vars:     Size  Location     Type
  buff            1    4[COMMON] PTR unsigned char 
		 -> resize_image@sample(3), 
  i               2    5[COMMON] int 
 Return value:  Size  Location     Type
                  1    wreg      void 
 Registers used:
		wreg, fsr1l, fsr1h, status,2, status,0, pclath, cstack
 Tracked objects:
		On entry : 
		On exit  : 
		Unchanged: 
 Data sizes:     COMMON   BANK0   BANK1   BANK2   BANK3   BANK4   BANK5   BANK6   BANK7   BANK8   BANK9  BANK10  BANK11  BANK12
      Params:         2       0       0       0       0       0       0       0       0       0       0       0       0       0
      Locals:         3       0       0       0       0       0       0       0       0       0       0       0       0       0
      Temps:          1       0       0       0       0       0       0       0       0       0       0       0       0       0
      Totals:         6       0       0       0       0       0       0       0       0       0       0       0       0       0
Total ram usage:        6 bytes
 Hardware stack levels used:    1
 Hardware stack levels required when called:    1
 This function calls:
		_UART_Escrever
 This function is called by:
		_writeSerial
 This function uses a non-reentrant model


 *************** function _UART_Escrever *****************
 Defined at:
		line 62 in file "uart.h"
 Parameters:    Size  Location     Type
  c               1    wreg     unsigned char 
 Auto vars:     Size  Location     Type
  c               1    0[COMMON] unsigned char 
 Return value:  Size  Location     Type
                  1    wreg      void 
 Registers used:
		wreg
 Tracked objects:
		On entry : 
		On exit  : 
		Unchanged: 
 Data sizes:     COMMON   BANK0   BANK1   BANK2   BANK3   BANK4   BANK5   BANK6   BANK7   BANK8   BANK9  BANK10  BANK11  BANK12
      Params:         0       0       0       0       0       0       0       0       0       0       0       0       0       0
      Locals:         1       0       0       0       0       0       0       0       0       0       0       0       0       0
      Temps:          0       0       0       0       0       0       0       0       0       0       0       0       0       0
      Totals:         1       0       0       0       0       0       0       0       0       0       0       0       0       0
Total ram usage:        1 bytes
 Hardware stack levels used:    1
 This function calls:
		Nothing
 This function is called by:
		_UART_Escrever_Buffer
		_main
		_UART_Escrever_Texto
 This function uses a non-reentrant model


 *************** function _sample_bicubic *****************
 Defined at:
		line 261 in file "newmain.c"
 Parameters:    Size  Location     Type
  source_image    1    wreg     PTR struct .
		 -> main@source_image(6), 
  u               2   66[BANK1 ] int 
  v               2   68[BANK1 ] int 
  sample          1   70[BANK1 ] PTR unsigned char 
		 -> resize_image@sample(3), 
 Auto vars:     Size  Location     Type
  source_image    1   79[BANK1 ] PTR struct .
		 -> main@source_image(6), 
  value           2   70[BANK2 ] int 
  col3            2   56[BANK2 ] int 
  col2            2   54[BANK2 ] int 
  col1            2   52[BANK2 ] int 
  col0            2   50[BANK2 ] int 
  p33             3   45[BANK2 ] unsigned char [3]
  p23             3   42[BANK2 ] unsigned char [3]
  p13             3   39[BANK2 ] unsigned char [3]
  p03             3   36[BANK2 ] unsigned char [3]
  p32             3   33[BANK2 ] unsigned char [3]
  p22             3   30[BANK2 ] unsigned char [3]
  p12             3   27[BANK2 ] unsigned char [3]
  p02             3   24[BANK2 ] unsigned char [3]
  p31             3   21[BANK2 ] unsigned char [3]
  p21             3   18[BANK2 ] unsigned char [3]
  p11             3   15[BANK2 ] unsigned char [3]
  p01             3   12[BANK2 ] unsigned char [3]
  p30             3    9[BANK2 ] unsigned char [3]
  p20             3    6[BANK2 ] unsigned char [3]
  p10             3    3[BANK2 ] unsigned char [3]
  p00             3    0[BANK2 ] unsigned char [3]
  i               2   78[BANK2 ] int 
  yint            2   76[BANK2 ] int 
  xint            2   74[BANK2 ] int 
  xfract          2   72[BANK2 ] int 
  y               2   68[BANK2 ] int 
  x               2   66[BANK2 ] int 
  yfract          2   48[BANK2 ] int 
 Return value:  Size  Location     Type
                  1    wreg      void 
 Registers used:
		wreg, fsr0l, fsr0h, fsr1l, fsr1h, status,2, status,0, pclath, cstack
 Tracked objects:
		On entry : 
		On exit  : 
		Unchanged: 
 Data sizes:     COMMON   BANK0   BANK1   BANK2   BANK3   BANK4   BANK5   BANK6   BANK7   BANK8   BANK9  BANK10  BANK11  BANK12
      Params:         0       0       5       0       0       0       0       0       0       0       0       0       0       0
      Locals:         0       0       1      80       0       0       0       0       0       0       0       0       0       0
      Temps:          0       0       8       0       0       0       0       0       0       0       0       0       0       0
      Totals:         0       0      14      80       0       0       0       0       0       0       0       0       0       0
Total ram usage:       94 bytes
 Hardware stack levels used:    1
 Hardware stack levels required when called:    3
 This function calls:
		___fladd
		___flge
		___flneg
		___fltol
		___wmul
		___xxtofl
		_cubic_hermite
		_floor
		_get_pixel_clamped
 This function is called by:
		_resize_image
 This function uses a non-reentrant model


 *************** function _get_pixel_clamped *****************
 Defined at:
		line 252 in file "newmain.c"
 Parameters:    Size  Location     Type
  source_image    1    wreg     PTR struct .
		 -> main@source_image(6), 
  x               2    6[COMMON] int 
  y               2    8[COMMON] int 
  temp            1   10[COMMON] PTR unsigned char 
		 -> sample_bicubic@p33(3), sample_bicubic@p23(3), sample_bicubic@p13(3), sample_bicubic@p03(3), 
		 -> sample_bicubic@p32(3), sample_bicubic@p22(3), sample_bicubic@p12(3), sample_bicubic@p02(3), 
		 -> sample_bicubic@p31(3), sample_bicubic@p21(3), sample_bicubic@p11(3), sample_bicubic@p01(3), 
		 -> sample_bicubic@p30(3), sample_bicubic@p20(3), sample_bicubic@p10(3), sample_bicubic@p00(3), 
 Auto vars:     Size  Location     Type
  source_image    1   13[COMMON] PTR struct .
		 -> main@source_image(6), 
 Return value:  Size  Location     Type
                  1    wreg      void 
 Registers used:
		wreg, fsr0l, fsr0h, fsr1l, fsr1h, status,2, status,0, pclath, cstack
 Tracked objects:
		On entry : 
		On exit  : 
		Unchanged: 
 Data sizes:     COMMON   BANK0   BANK1   BANK2   BANK3   BANK4   BANK5   BANK6   BANK7   BANK8   BANK9  BANK10  BANK11  BANK12
      Params:         5       0       0       0       0       0       0       0       0       0       0       0       0       0
      Locals:         3       0       0       0       0       0       0       0       0       0       0       0       0       0
      Temps:          0       5       0       0       0       0       0       0       0       0       0       0       0       0
      Totals:         8       5       0       0       0       0       0       0       0       0       0       0       0       0
Total ram usage:       13 bytes
 Hardware stack levels used:    1
 Hardware stack levels required when called:    1
 This function calls:
		___wmul
 This function is called by:
		_sample_bicubic
 This function uses a non-reentrant model


 *************** function _floor *****************
 Defined at:
		line 13 in file "C:\Program Files (x86)\Microchip\xc8\v2.00\pic\sources\c90\common\floor.c"
 Parameters:    Size  Location     Type
  x               4   13[BANK1 ] void 
 Auto vars:     Size  Location     Type
  i               4   18[BANK1 ] void 
  expon           2   22[BANK1 ] int 
 Return value:  Size  Location     Type
                  4   13[BANK1 ] int 
 Registers used:
		wreg, fsr1l, fsr1h, status,2, status,0, pclath, cstack
 Tracked objects:
		On entry : 
		On exit  : 
		Unchanged: 
 Data sizes:     COMMON   BANK0   BANK1   BANK2   BANK3   BANK4   BANK5   BANK6   BANK7   BANK8   BANK9  BANK10  BANK11  BANK12
      Params:         0       0       4       0       0       0       0       0       0       0       0       0       0       0
      Locals:         0       0       6       0       0       0       0       0       0       0       0       0       0       0
      Temps:          0       0       1       0       0       0       0       0       0       0       0       0       0       0
      Totals:         0       0      11       0       0       0       0       0       0       0       0       0       0       0
Total ram usage:       11 bytes
 Hardware stack levels used:    1
 Hardware stack levels required when called:    2
 This function calls:
		___fladd
		___flge
		___fltol
		___xxtofl
		_frexp
 This function is called by:
		_sample_bicubic
 This function uses a non-reentrant model


 *************** function _frexp *****************
 Defined at:
		line 254 in file "C:\Program Files (x86)\Microchip\xc8\v2.00\pic\sources\c90\common\frexp.c"
 Parameters:    Size  Location     Type
  value           4    0[BANK0 ] int 
  eptr            1    4[BANK0 ] PTR int 
		 -> floor@expon(2), 
 Auto vars:     Size  Location     Type
		None
 Return value:  Size  Location     Type
                  4    0[BANK0 ] PTR int 
 Registers used:
		wreg, fsr1l, fsr1h, status,2, status,0, pclath, cstack
 Tracked objects:
		On entry : 
		On exit  : 
		Unchanged: 
 Data sizes:     COMMON   BANK0   BANK1   BANK2   BANK3   BANK4   BANK5   BANK6   BANK7   BANK8   BANK9  BANK10  BANK11  BANK12
      Params:         0       5       0       0       0       0       0       0       0       0       0       0       0       0
      Locals:         0       0       0       0       0       0       0       0       0       0       0       0       0       0
      Temps:          2       0       0       0       0       0       0       0       0       0       0       0       0       0
      Totals:         2       5       0       0       0       0       0       0       0       0       0       0       0       0
Total ram usage:        7 bytes
 Hardware stack levels used:    1
 Hardware stack levels required when called:    1
 This function calls:
		___fleq
 This function is called by:
		_floor
 This function uses a non-reentrant model


 *************** function ___fleq *****************
 Defined at:
		line 4 in file "C:\Program Files (x86)\Microchip\xc8\v2.00\pic\sources\c90\common\fleq.c"
 Parameters:    Size  Location     Type
  ff1             4    0[COMMON] PTR int 
  ff2             4    4[COMMON] PTR int 
 Auto vars:     Size  Location     Type
		None
 Return value:  Size  Location     Type
		None               void
 Registers used:
		wreg, status,2, status,0
 Tracked objects:
		On entry : 
		On exit  : 
		Unchanged: 
 Data sizes:     COMMON   BANK0   BANK1   BANK2   BANK3   BANK4   BANK5   BANK6   BANK7   BANK8   BANK9  BANK10  BANK11  BANK12
      Params:         8       0       0       0       0       0       0       0       0       0       0       0       0       0
      Locals:         0       0       0       0       0       0       0       0       0       0       0       0       0       0
      Temps:          4       0       0       0       0       0       0       0       0       0       0       0       0       0
      Totals:        12       0       0       0       0       0       0       0       0       0       0       0       0       0
Total ram usage:       12 bytes
 Hardware stack levels used:    1
 This function calls:
		Nothing
 This function is called by:
		_frexp
 This function uses a non-reentrant model


 *************** function ___flge *****************
 Defined at:
		line 4 in file "C:\Program Files (x86)\Microchip\xc8\v2.00\pic\sources\c90\common\flge.c"
 Parameters:    Size  Location     Type
  ff1             4    6[BANK0 ] PTR int 
  ff2             4   10[BANK0 ] PTR int 
 Auto vars:     Size  Location     Type
		None
 Return value:  Size  Location     Type
		None               void
 Registers used:
		wreg, status,2, status,0
 Tracked objects:
		On entry : 
		On exit  : 
		Unchanged: 
 Data sizes:     COMMON   BANK0   BANK1   BANK2   BANK3   BANK4   BANK5   BANK6   BANK7   BANK8   BANK9  BANK10  BANK11  BANK12
      Params:         0       8       0       0       0       0       0       0       0       0       0       0       0       0
      Locals:         0       0       0       0       0       0       0       0       0       0       0       0       0       0
      Temps:          0       8       0       0       0       0       0       0       0       0       0       0       0       0
      Totals:         0      16       0       0       0       0       0       0       0       0       0       0       0       0
Total ram usage:       16 bytes
 Hardware stack levels used:    1
 This function calls:
		Nothing
 This function is called by:
		_sample_bicubic
		_floor
 This function uses a non-reentrant model


 *************** function _cubic_hermite *****************
 Defined at:
		line 241 in file "newmain.c"
 Parameters:    Size  Location     Type
  A               2   28[BANK1 ] int 
  B               2   30[BANK1 ] int 
  C               2   32[BANK1 ] int 
  D               2   34[BANK1 ] int 
  t               2   36[BANK1 ] int 
 Auto vars:     Size  Location     Type
  d               2   50[BANK1 ] int 
  c               2   48[BANK1 ] int 
  b               2   46[BANK1 ] int 
  a               2   44[BANK1 ] int 
 Return value:  Size  Location     Type
                  2   28[BANK1 ] int 
 Registers used:
		wreg, status,2, status,0, pclath, cstack
 Tracked objects:
		On entry : 
		On exit  : 
		Unchanged: 
 Data sizes:     COMMON   BANK0   BANK1   BANK2   BANK3   BANK4   BANK5   BANK6   BANK7   BANK8   BANK9  BANK10  BANK11  BANK12
      Params:         0       0      10       0       0       0       0       0       0       0       0       0       0       0
      Locals:         0       0      22       0       0       0       0       0       0       0       0       0       0       0
      Temps:          0       0       6       0       0       0       0       0       0       0       0       0       0       0
      Totals:         0       0      38       0       0       0       0       0       0       0       0       0       0       0
Total ram usage:       38 bytes
 Hardware stack levels used:    1
 Hardware stack levels required when called:    2
 This function calls:
		___fladd
		___fldiv
		___flmul
		___flneg
		___fltol
		___wmul
		___xxtofl
 This function is called by:
		_sample_bicubic
 This function uses a non-reentrant model


 *************** function ___xxtofl *****************
 Defined at:
		line 10 in file "C:\Program Files (x86)\Microchip\xc8\v2.00\pic\sources\c90\common\xxtofl.c"
 Parameters:    Size  Location     Type
  sign            1    wreg     unsigned char 
  val             4    6[COMMON] long 
 Auto vars:     Size  Location     Type
  sign            1    0[BANK0 ] unsigned char 
  arg             4    2[BANK0 ] unsigned long 
  exp             1    1[BANK0 ] unsigned char 
 Return value:  Size  Location     Type
                  4    6[COMMON] unsigned char 
 Registers used:
		wreg, status,2, status,0
 Tracked objects:
		On entry : 
		On exit  : 
		Unchanged: 
 Data sizes:     COMMON   BANK0   BANK1   BANK2   BANK3   BANK4   BANK5   BANK6   BANK7   BANK8   BANK9  BANK10  BANK11  BANK12
      Params:         4       0       0       0       0       0       0       0       0       0       0       0       0       0
      Locals:         0       6       0       0       0       0       0       0       0       0       0       0       0       0
      Temps:          4       0       0       0       0       0       0       0       0       0       0       0       0       0
      Totals:         8       6       0       0       0       0       0       0       0       0       0       0       0       0
Total ram usage:       14 bytes
 Hardware stack levels used:    1
 This function calls:
		Nothing
 This function is called by:
		_cubic_hermite
		_sample_bicubic
		_floor
 This function uses a non-reentrant model


 *************** function ___fltol *****************
 Defined at:
		line 43 in file "C:\Program Files (x86)\Microchip\xc8\v2.00\pic\sources\c90\common\fltol.c"
 Parameters:    Size  Location     Type
  f1              4    4[BANK1 ] unsigned char 
 Auto vars:     Size  Location     Type
  exp1            1   79[BANK0 ] unsigned char 
  sign1           1   78[BANK0 ] unsigned char 
 Return value:  Size  Location     Type
                  4    4[BANK1 ] long 
 Registers used:
		wreg, status,2, status,0
 Tracked objects:
		On entry : 
		On exit  : 
		Unchanged: 
 Data sizes:     COMMON   BANK0   BANK1   BANK2   BANK3   BANK4   BANK5   BANK6   BANK7   BANK8   BANK9  BANK10  BANK11  BANK12
      Params:         0       0       4       0       0       0       0       0       0       0       0       0       0       0
      Locals:         0       2       0       0       0       0       0       0       0       0       0       0       0       0
      Temps:          0       0       5       0       0       0       0       0       0       0       0       0       0       0
      Totals:         0       2       9       0       0       0       0       0       0       0       0       0       0       0
Total ram usage:       11 bytes
 Hardware stack levels used:    1
 This function calls:
		Nothing
 This function is called by:
		_cubic_hermite
		_sample_bicubic
		_floor
 This function uses a non-reentrant model


 *************** function ___flneg *****************
 Defined at:
		line 15 in file "C:\Program Files (x86)\Microchip\xc8\v2.00\pic\sources\c90\common\flneg.c"
 Parameters:    Size  Location     Type
  f1              4   24[BANK1 ] long 
 Auto vars:     Size  Location     Type
		None
 Return value:  Size  Location     Type
                  4   24[BANK1 ] long 
 Registers used:
		wreg
 Tracked objects:
		On entry : 
		On exit  : 
		Unchanged: 
 Data sizes:     COMMON   BANK0   BANK1   BANK2   BANK3   BANK4   BANK5   BANK6   BANK7   BANK8   BANK9  BANK10  BANK11  BANK12
      Params:         0       0       4       0       0       0       0       0       0       0       0       0       0       0
      Locals:         0       0       0       0       0       0       0       0       0       0       0       0       0       0
      Temps:          0       0       0       0       0       0       0       0       0       0       0       0       0       0
      Totals:         0       0       4       0       0       0       0       0       0       0       0       0       0       0
Total ram usage:        4 bytes
 Hardware stack levels used:    1
 This function calls:
		Nothing
 This function is called by:
		_cubic_hermite
		_sample_bicubic
 This function uses a non-reentrant model


 *************** function ___flmul *****************
 Defined at:
		line 8 in file "C:\Program Files (x86)\Microchip\xc8\v2.00\pic\sources\c90\common\sprcmul.c"
 Parameters:    Size  Location     Type
  b               4    6[BANK0 ] long 
  a               4   10[BANK0 ] long 
 Auto vars:     Size  Location     Type
  prod            4   26[BANK0 ] struct .
  grs             4   20[BANK0 ] unsigned long 
  temp            2   30[BANK0 ] struct .
  bexp            1   25[BANK0 ] unsigned char 
  aexp            1   24[BANK0 ] unsigned char 
  sign            1   19[BANK0 ] unsigned char 
 Return value:  Size  Location     Type
                  4    6[BANK0 ] unsigned char 
 Registers used:
		wreg, status,2, status,0, pclath, cstack
 Tracked objects:
		On entry : 
		On exit  : 
		Unchanged: 
 Data sizes:     COMMON   BANK0   BANK1   BANK2   BANK3   BANK4   BANK5   BANK6   BANK7   BANK8   BANK9  BANK10  BANK11  BANK12
      Params:         0       8       0       0       0       0       0       0       0       0       0       0       0       0
      Locals:         0      13       0       0       0       0       0       0       0       0       0       0       0       0
      Temps:          0       5       0       0       0       0       0       0       0       0       0       0       0       0
      Totals:         0      26       0       0       0       0       0       0       0       0       0       0       0       0
Total ram usage:       26 bytes
 Hardware stack levels used:    1
 Hardware stack levels required when called:    1
 This function calls:
		__Umul8_16
 This function is called by:
		_cubic_hermite
 This function uses a non-reentrant model


 *************** function __Umul8_16 *****************
 Defined at:
		line 4 in file "C:\Program Files (x86)\Microchip\xc8\v2.00\pic\sources\c90\common\Umul8_16.c"
 Parameters:    Size  Location     Type
  multiplier      1    wreg     unsigned char 
  multiplicand    1    0[COMMON] unsigned char 
 Auto vars:     Size  Location     Type
  multiplier      1    8[COMMON] unsigned char 
  word_mpld       2    6[COMMON] unsigned int 
  product         2    4[COMMON] unsigned int 
 Return value:  Size  Location     Type
                  2    0[COMMON] unsigned int 
 Registers used:
		wreg, status,2, status,0
 Tracked objects:
		On entry : 
		On exit  : 
		Unchanged: 
 Data sizes:     COMMON   BANK0   BANK1   BANK2   BANK3   BANK4   BANK5   BANK6   BANK7   BANK8   BANK9  BANK10  BANK11  BANK12
      Params:         2       0       0       0       0       0       0       0       0       0       0       0       0       0
      Locals:         5       0       0       0       0       0       0       0       0       0       0       0       0       0
      Temps:          2       0       0       0       0       0       0       0       0       0       0       0       0       0
      Totals:         9       0       0       0       0       0       0       0       0       0       0       0       0       0
Total ram usage:        9 bytes
 Hardware stack levels used:    1
 This function calls:
		Nothing
 This function is called by:
		___flmul
 This function uses a non-reentrant model


 *************** function ___fldiv *****************
 Defined at:
		line 8 in file "C:\Program Files (x86)\Microchip\xc8\v2.00\pic\sources\c90\common\sprcdiv.c"
 Parameters:    Size  Location     Type
  a               4   32[BANK0 ] unsigned int 
  b               4   36[BANK0 ] unsigned int 
 Auto vars:     Size  Location     Type
  grs             4   52[BANK0 ] unsigned long 
  rem             4   45[BANK0 ] unsigned long 
  new_exp         2   50[BANK0 ] int 
  aexp            1   57[BANK0 ] unsigned char 
  bexp            1   56[BANK0 ] unsigned char 
  sign            1   49[BANK0 ] unsigned char 
 Return value:  Size  Location     Type
                  4   32[BANK0 ] unsigned char 
 Registers used:
		wreg, status,2, status,0
 Tracked objects:
		On entry : 
		On exit  : 
		Unchanged: 
 Data sizes:     COMMON   BANK0   BANK1   BANK2   BANK3   BANK4   BANK5   BANK6   BANK7   BANK8   BANK9  BANK10  BANK11  BANK12
      Params:         0       8       0       0       0       0       0       0       0       0       0       0       0       0
      Locals:         0      13       0       0       0       0       0       0       0       0       0       0       0       0
      Temps:          0       5       0       0       0       0       0       0       0       0       0       0       0       0
      Totals:         0      26       0       0       0       0       0       0       0       0       0       0       0       0
Total ram usage:       26 bytes
 Hardware stack levels used:    1
 This function calls:
		Nothing
 This function is called by:
		_cubic_hermite
 This function uses a non-reentrant model


 *************** function ___fladd *****************
 Defined at:
		line 10 in file "C:\Program Files (x86)\Microchip\xc8\v2.00\pic\sources\c90\common\sprcadd.c"
 Parameters:    Size  Location     Type
  b               4   58[BANK0 ] unsigned char 
  a               4   62[BANK0 ] unsigned char 
 Auto vars:     Size  Location     Type
  grs             1    3[BANK1 ] unsigned char 
  bexp            1    2[BANK1 ] unsigned char 
  aexp            1    1[BANK1 ] unsigned char 
  signs           1    0[BANK1 ] unsigned char 
 Return value:  Size  Location     Type
                  4   58[BANK0 ] unsigned char 
 Registers used:
		wreg, status,2, status,0
 Tracked objects:
		On entry : 
		On exit  : 
		Unchanged: 
[...]
  img             1   40[BANK0 ] PTR struct .
		 -> main@source_image(6), 
  buff           16   22[BANK0 ] unsigned char [16]
  chread          2   41[BANK0 ] int 
  rgb_comp_col    2   38[BANK0 ] int 
  c               2    0        int 
 Return value:  Size  Location     Type
                  1    wreg      void 
 Registers used:
		wreg, fsr0l, fsr0h, fsr1l, fsr1h, status,2, status,0, pclath, cstack
 Tracked objects:
		On entry : 
		On exit  : 
		Unchanged: 
 Data sizes:     COMMON   BANK0   BANK1   BANK2   BANK3   BANK4   BANK5   BANK6   BANK7   BANK8   BANK9  BANK10  BANK11  BANK12
      Params:         0       2       0       0       0       0       0       0       0       0       0       0       0       0
      Locals:         0      21       0       0       0       0       0       0       0       0       0       0       0       0
      Temps:          0       4       0       0       0       0       0       0       0       0       0       0       0       0
      Totals:         0      27       0       0       0       0       0       0       0       0       0       0       0       0
Total ram usage:       27 bytes
 Hardware stack levels used:    1
 Hardware stack levels required when called:    2
 This function calls:
		_atoi
		_mem_copy
		_printf
 This function is called by:
		_main
 This function uses a non-reentrant model


 *************** function _printf *****************
 Defined at:
		line 472 in file "C:\Program Files (x86)\Microchip\xc8\v2.00\pic\sources\c90\common\doprnt.c"
 Parameters:    Size  Location     Type
  f               2    0[BANK0 ] PTR const unsigned char 
		 -> STR_6(28), STR_5(38), STR_4(13), STR_3(20), 
		 -> STR_2(14), STR_1(37), 
 Auto vars:     Size  Location     Type
  tmpval          4    0        struct .
  val             2   13[BANK0 ] unsigned int 
  cp              2   11[BANK0 ] PTR const unsigned char 
		 -> STR_8(7), ?_printf(2), STR_7(16), sourcef(1274), 
  len             2    0        unsigned int 
  c               1   15[BANK0 ] unsigned char 
  ap              1   10[BANK0 ] PTR void [1]
		 -> ?_printf(2), 
  prec            1    9[BANK0 ] char 
  flag            1    8[BANK0 ] unsigned char 
 Return value:  Size  Location     Type
                  2    0[BANK0 ] int 
 Registers used:
		wreg, fsr0l, fsr0h, fsr1l, fsr1h, status,2, status,0, pclath, cstack
 Tracked objects:
		On entry : 
		On exit  : 
		Unchanged: 
 Data sizes:     COMMON   BANK0   BANK1   BANK2   BANK3   BANK4   BANK5   BANK6   BANK7   BANK8   BANK9  BANK10  BANK11  BANK12
      Params:         0       4       0       0       0       0       0       0       0       0       0       0       0       0
      Locals:         0       8       0       0       0       0       0       0       0       0       0       0       0       0
      Temps:          0       4       0       0       0       0       0       0       0       0       0       0       0       0
      Totals:         0      16       0       0       0       0       0       0       0       0       0       0       0       0
Total ram usage:       16 bytes
 Hardware stack levels used:    1
 Hardware stack levels required when called:    1
 This function calls:
		___lwdiv
		___lwmod
		_putch
 This function is called by:
		_readPPM
		_get_scale
 This function uses a non-reentrant model


 *************** function _putch *****************
 Defined at:
		line 7 in file "C:\Program Files (x86)\Microchip\xc8\v2.00\pic\sources\c90\common\putch.c"
 Parameters:    Size  Location     Type
  c               1    wreg     unsigned char 
 Auto vars:     Size  Location     Type
  c               1    0[COMMON] unsigned char 
 Return value:  Size  Location     Type
                  1    wreg      void 
 Registers used:
		wreg
 Tracked objects:
		On entry : 
		On exit  : 
		Unchanged: 
 Data sizes:     COMMON   BANK0   BANK1   BANK2   BANK3   BANK4   BANK5   BANK6   BANK7   BANK8   BANK9  BANK10  BANK11  BANK12
      Params:         0       0       0       0       0       0       0       0       0       0       0       0       0       0
      Locals:         0       0       0       0       0       0       0       0       0       0       0       0       0       0
      Temps:          0       0       0       0       0       0       0       0       0       0       0       0       0       0
      Totals:         0       0       0       0       0       0       0       0       0       0       0       0       0       0
Total ram usage:        0 bytes
 Hardware stack levels used:    1
 This function calls:
		Nothing
 This function is called by:
		_printf
 This function uses a non-reentrant model


 *************** function ___lwmod *****************
 Defined at:
		line 5 in file "C:\Program Files (x86)\Microchip\xc8\v2.00\pic\sources\c90\common\lwmod.c"
 Parameters:    Size  Location     Type
  divisor         2    8[COMMON] unsigned int 
  dividend        2   10[COMMON] unsigned int 
 Auto vars:     Size  Location     Type
  counter         1   13[COMMON] unsigned char 
 Return value:  Size  Location     Type
                  2    8[COMMON] unsigned int 
 Registers used:
		wreg, status,2, status,0
 Tracked objects:
		On entry : 
		On exit  : 
		Unchanged: 
 Data sizes:     COMMON   BANK0   BANK1   BANK2   BANK3   BANK4   BANK5   BANK6   BANK7   BANK8   BANK9  BANK10  BANK11  BANK12
      Params:         4       0       0       0       0       0       0       0       0       0       0       0       0       0
      Locals:         1       0       0       0       0       0       0       0       0       0       0       0       0       0
      Temps:          1       0       0       0       0       0       0       0       0       0       0       0       0       0
      Totals:         6       0       0       0       0       0       0       0       0       0       0       0       0       0
Total ram usage:        6 bytes
 Hardware stack levels used:    1
 This function calls:
		Nothing
 This function is called by:
		_printf
 This function uses a non-reentrant model


 *************** function ___lwdiv *****************
 Defined at:
		line 5 in file "C:\Program Files (x86)\Microchip\xc8\v2.00\pic\sources\c90\common\lwdiv.c"
 Parameters:    Size  Location     Type
  divisor         2    0[COMMON] unsigned int 
  dividend        2    2[COMMON] unsigned int 
 Auto vars:     Size  Location     Type
  quotient        2    5[COMMON] unsigned int 
  counter         1    7[COMMON] unsigned char 
 Return value:  Size  Location     Type
                  2    0[COMMON] unsigned int 
 Registers used:
		wreg, status,2, status,0
 Tracked objects:
		On entry : 
		On exit  : 
		Unchanged: 
 Data sizes:     COMMON   BANK0   BANK1   BANK2   BANK3   BANK4   BANK5   BANK6   BANK7   BANK8   BANK9  BANK10  BANK11  BANK12
      Params:         4       0       0       0       0       0       0       0       0       0       0       0       0       0
      Locals:         3       0       0       0       0       0       0       0       0       0       0       0       0       0
      Temps:          1       0       0       0       0       0       0       0       0       0       0       0       0       0
      Totals:         8       0       0       0       0       0       0       0       0       0       0       0       0       0
Total ram usage:        8 bytes
 Hardware stack levels used:    1
 This function calls:
		Nothing
 This function is called by:
		_printf
 This function uses a non-reentrant model


 *************** function _mem_copy *****************
 Defined at:
		line 103 in file "newmain.c"
 Parameters:    Size  Location     Type
  buff            1    wreg     PTR unsigned char 
		 -> readPPM@buff(16), 
  source          2    0[COMMON] PTR const unsigned char 
		 -> sourcef(1274), 
  size            2    2[COMMON] int 
 Auto vars:     Size  Location     Type
  buff            1    6[COMMON] PTR unsigned char 
		 -> readPPM@buff(16), 
  i               2    7[COMMON] int 
 Return value:  Size  Location     Type
                  1    wreg      void 
 Registers used:
		wreg, fsr0l, fsr0h, fsr1l, fsr1h, status,2, status,0, pclath
 Tracked objects:
		On entry : 
		On exit  : 
		Unchanged: 
 Data sizes:     COMMON   BANK0   BANK1   BANK2   BANK3   BANK4   BANK5   BANK6   BANK7   BANK8   BANK9  BANK10  BANK11  BANK12
      Params:         4       0       0       0       0       0       0       0       0       0       0       0       0       0
      Locals:         3       0       0       0       0       0       0       0       0       0       0       0       0       0
      Temps:          2       0       0       0       0       0       0       0       0       0       0       0       0       0
      Totals:         9       0       0       0       0       0       0       0       0       0       0       0       0       0
Total ram usage:        9 bytes
 Hardware stack levels used:    1
 This function calls:
		Nothing
 This function is called by:
		_readPPM
 This function uses a non-reentrant model


 *************** function _atoi *****************
 Defined at:
		line 5 in file "C:\Program Files (x86)\Microchip\xc8\v2.00\pic\sources\c90\common\atoi.c"
 Parameters:    Size  Location     Type
  s               2    6[COMMON] PTR const unsigned char 
		 -> sourcef(1274), 
 Auto vars:     Size  Location     Type
  a               2   11[COMMON] int 
  sign            1   10[COMMON] unsigned char 
 Return value:  Size  Location     Type
                  2    6[COMMON] int 
 Registers used:
		wreg, fsr0l, fsr0h, status,2, status,0, pclath, cstack
 Tracked objects:
		On entry : 
		On exit  : 
		Unchanged: 
 Data sizes:     COMMON   BANK0   BANK1   BANK2   BANK3   BANK4   BANK5   BANK6   BANK7   BANK8   BANK9  BANK10  BANK11  BANK12
      Params:         2       0       0       0       0       0       0       0       0       0       0       0       0       0
      Locals:         3       0       0       0       0       0       0       0       0       0       0       0       0       0
      Temps:          2       0       0       0       0       0       0       0       0       0       0       0       0       0
      Totals:         7       0       0       0       0       0       0       0       0       0       0       0       0       0
Total ram usage:        7 bytes
 Hardware stack levels used:    1
 Hardware stack levels required when called:    1
 This function calls:
		___wmul
		_isdigit
 This function is called by:
		_readPPM
 This function uses a non-reentrant model


 *************** function _isdigit *****************
 Defined at:
		line 8 in file "C:\Program Files (x86)\Microchip\xc8\v2.00\pic\sources\c90\common\isdigit.c"
 Parameters:    Size  Location     Type
  c               1    wreg     unsigned char 
 Auto vars:     Size  Location     Type
  c               1    1[COMMON] unsigned char 
 Return value:  Size  Location     Type
		None               void
 Registers used:
		wreg, status,2, status,0
 Tracked objects:
		On entry : 
		On exit  : 
		Unchanged: 
 Data sizes:     COMMON   BANK0   BANK1   BANK2   BANK3   BANK4   BANK5   BANK6   BANK7   BANK8   BANK9  BANK10  BANK11  BANK12
      Params:         0       0       0       0       0       0       0       0       0       0       0       0       0       0
      Locals:         2       0       0       0       0       0       0       0       0       0       0       0       0       0
      Temps:          0       0       0       0       0       0       0       0       0       0       0       0       0       0
      Totals:         2       0       0       0       0       0       0       0       0       0       0       0       0       0
Total ram usage:        2 bytes
 Hardware stack levels used:    1
 This function calls:
		Nothing
 This function is called by:
		_atoi
 This function uses a non-reentrant model


 *************** function ___wmul *****************
 Defined at:
		line 15 in file "C:\Program Files (x86)\Microchip\xc8\v2.00\pic\sources\c90\common\Umul16.c"
 Parameters:    Size  Location     Type
  multiplier      2    0[COMMON] unsigned int 
  multiplicand    2    2[COMMON] unsigned int 
 Auto vars:     Size  Location     Type
  product         2    4[COMMON] unsigned int 
 Return value:  Size  Location     Type
                  2    0[COMMON] unsigned int 
 Registers used:
		wreg, status,2, status,0
 Tracked objects:
		On entry : 
		On exit  : 
		Unchanged: 
 Data sizes:     COMMON   BANK0   BANK1   BANK2   BANK3   BANK4   BANK5   BANK6   BANK7   BANK8   BANK9  BANK10  BANK11  BANK12
      Params:         4       0       0       0       0       0       0       0       0       0       0       0       0       0
      Locals:         2       0       0       0       0       0       0       0       0       0       0       0       0       0
      Temps:          0       0       0       0       0       0       0       0       0       0       0       0       0       0
      Totals:         6       0       0       0       0       0       0       0       0       0       0       0       0       0
Total ram usage:        6 bytes
 Hardware stack levels used:    1
 This function calls:
		Nothing
 This function is called by:
		_cubic_hermite
		_get_pixel_clamped
		_sample_bicubic
		_resize_image
		_atoi
 This function uses a non-reentrant model


 *************** function _UART_iniciar *****************
 Defined at:
		line 21 in file "uart.h"
 Parameters:    Size  Location     Type
		None
 Auto vars:     Size  Location     Type
		None
 Return value:  Size  Location     Type
                  1    wreg      void 
 Registers used:
		wreg, status,2, status,0
 Tracked objects:
		On entry : 
		On exit  : 
		Unchanged: 
 Data sizes:     COMMON   BANK0   BANK1   BANK2   BANK3   BANK4   BANK5   BANK6   BANK7   BANK8   BANK9  BANK10  BANK11  BANK12
      Params:         0       0       0       0       0       0       0       0       0       0       0       0       0       0
      Locals:         0       0       0       0       0       0       0       0       0       0       0       0       0       0
      Temps:          0       0       0       0       0       0       0       0       0       0       0       0       0       0
      Totals:         0       0       0       0       0       0       0       0       0       0       0       0       0       0
Total ram usage:        0 bytes
 Hardware stack levels used:    1
 This function calls:
		Nothing
 This function is called by:
		_main
 This function uses a non-reentrant model



MODULE INFORMATION

Module		Function		Class		Link	Load	Size
C:\Program Files (x86)\Microchip\xc8\v2.00\pic\sources\c90\common\atoi.c
		_atoi          		CODE           	1AC0	0000	137

C:\Program Files (x86)\Microchip\xc8\v2.00\pic\sources\c90\common\atoi.c estimated size: 137

C:\Program Files (x86)\Microchip\xc8\v2.00\pic\sources\c90\common\fleq.c
		___fleq        		CODE           	1032	0000	81

C:\Program Files (x86)\Microchip\xc8\v2.00\pic\sources\c90\common\fleq.c estimated size: 81

C:\Program Files (x86)\Microchip\xc8\v2.00\pic\sources\c90\common\lwmod.c
		___lwmod       		CODE           	19F6	0000	60

C:\Program Files (x86)\Microchip\xc8\v2.00\pic\sources\c90\common\lwmod.c estimated size: 60

C:\Program Files (x86)\Microchip\xc8\v2.00\pic\sources\c90\common\putch.c
		_putch         		CODE           	0D20	0000	2

C:\Program Files (x86)\Microchip\xc8\v2.00\pic\sources\c90\common\putch.c estimated size: 2

C:\Program Files (x86)\Microchip\xc8\v2.00\pic\sources\c90\common\doprnt.c
		_printf        		CODE           	1082	0000	270

C:\Program Files (x86)\Microchip\xc8\v2.00\pic\sources\c90\common\doprnt.c estimated size: 270

uart.h
		_UART_iniciar  		CODE           	1962	0000	21
		_UART_Escrever 		CODE           	0D21	0000	12
		_UART_Escrever_Buffer		CODE           	19AC	0000	37

uart.h estimated size: 70

C:\Program Files (x86)\Microchip\xc8\v2.00\pic\sources\c90\common\sprcmul.c
		___flmul       		CODE           	0D95	0000	620

C:\Program Files (x86)\Microchip\xc8\v2.00\pic\sources\c90\common\sprcmul.c estimated size: 620

C:\Program Files (x86)\Microchip\xc8\v2.00\pic\sources\c90\common\sprcdiv.c
		___fldiv       		CODE           	12A8	0000	480

C:\Program Files (x86)\Microchip\xc8\v2.00\pic\sources\c90\common\sprcdiv.c estimated size: 480

C:\Program Files (x86)\Microchip\xc8\v2.00\pic\sources\c90\common\frexp.c
		_frexp         		CODE           	1A74	0000	77

C:\Program Files (x86)\Microchip\xc8\v2.00\pic\sources\c90\common\frexp.c estimated size: 77

C:\Program Files (x86)\Microchip\xc8\v2.00\pic\sources\c90\common\Umul16.c
		___wmul        		CODE           	198A	0000	35

C:\Program Files (x86)\Microchip\xc8\v2.00\pic\sources\c90\common\Umul16.c estimated size: 35

C:\Program Files (x86)\Microchip\xc8\v2.00\pic\sources\c90\common\floor.c
		_floor         		CODE           	1E19	0000	221

C:\Program Files (x86)\Microchip\xc8\v2.00\pic\sources\c90\common\floor.c estimated size: 221

newmain.c
		_cubic_hermite 		CODE           	1487	0000	890
		_main          		CODE           	0004	0000	58
		_readPPM       		CODE           	1EF5	0000	268
		_mem_copy      		CODE           	1009	0000	42
		_resize_image  		CODE           	1D4E	0000	204
		_get_pixel_clamped		CODE           	118F	0000	282
		_sample_bicubic		CODE           	030E	0000	1261
		_writeSerial   		CODE           	194A	0000	11

newmain.c estimated size: 3016

C:\Program Files (x86)\Microchip\xc8\v2.00\pic\sources\c90\common\lwdiv.c
		___lwdiv       		CODE           	1A31	0000	68

C:\Program Files (x86)\Microchip\xc8\v2.00\pic\sources\c90\common\lwdiv.c estimated size: 68

C:\Program Files (x86)\Microchip\xc8\v2.00\pic\sources\c90\common\awdiv.c
		___awdiv       		CODE           	0D2C	0000	106

C:\Program Files (x86)\Microchip\xc8\v2.00\pic\sources\c90\common\awdiv.c estimated size: 106

C:\Program Files (x86)\Microchip\xc8\v2.00\pic\sources\c90\common\fltol.c
		___fltol       		CODE           	1B48	0000	164

C:\Program Files (x86)\Microchip\xc8\v2.00\pic\sources\c90\common\fltol.c estimated size: 164

C:\Program Files (x86)\Microchip\xc8\v2.00\pic\sources\c90\common\flge.c
		___flge        		CODE           	1BEB	0000	175

C:\Program Files (x86)\Microchip\xc8\v2.00\pic\sources\c90\common\flge.c estimated size: 175

C:\Program Files (x86)\Microchip\xc8\v2.00\pic\sources\c90\common\isdigit.c
		_isdigit       		CODE           	1976	0000	21

C:\Program Files (x86)\Microchip\xc8\v2.00\pic\sources\c90\common\isdigit.c estimated size: 21

C:\Program Files (x86)\Microchip\xc8\v2.00\pic\sources\c90\common\sprcadd.c
		___fladd       		CODE           	003D	0000	722

C:\Program Files (x86)\Microchip\xc8\v2.00\pic\sources\c90\common\sprcadd.c estimated size: 722

shared
		main@scale     		STRCODE        	1891	0000	3
		_dpowers       		STRCODE        	1880	0000	11
		_sourcef       		STRCODE        	0800	0000	1275
		__initialization		CODE           	07FA	0000	4

shared estimated size: 1293

C:\Program Files (x86)\Microchip\xc8\v2.00\pic\sources\c90\common\xxtofl.c
		___xxtofl      		CODE           	1C99	0000	182

C:\Program Files (x86)\Microchip\xc8\v2.00\pic\sources\c90\common\xxtofl.c estimated size: 182

C:\Program Files (x86)\Microchip\xc8\v2.00\pic\sources\c90\common\Umul8_16.c
		__Umul8_16     		CODE           	19D0	0000	39

C:\Program Files (x86)\Microchip\xc8\v2.00\pic\sources\c90\common\Umul8_16.c estimated size: 39

C:\Program Files (x86)\Microchip\xc8\v2.00\pic\sources\c90\common\flneg.c
		___flneg       		CODE           	1954	0000	15

C:\Program Files (x86)\Microchip\xc8\v2.00\pic\sources\c90\common\flneg.c estimated size: 15

